Archive member included to satisfy reference by file (symbol)

/usr/lib/gcc/avr/7.3.0/avr5/libgcc.a(_mulsi3.o)
                              build/default/production/dsp.o (__mulsi3)
/usr/lib/gcc/avr/7.3.0/avr5/libgcc.a(_udivmodhi4.o)
                              build/default/production/dsp.o (__udivmodhi4)
/usr/lib/gcc/avr/7.3.0/avr5/libgcc.a(_divmodhi4.o)
                              build/default/production/fix_fft.o (__divmodhi4)
/usr/lib/gcc/avr/7.3.0/avr5/libgcc.a(_udivmodsi4.o)
                              build/default/production/uart.o (__udivmodsi4)
/usr/lib/gcc/avr/7.3.0/avr5/libgcc.a(_exit.o)
                              /opt/microchip/mplabx/v6.30/packs/Microchip/ATmega_DFP/3.5.296/gcc/dev/atmega32/avr5/crtatmega32.o (exit)
/usr/lib/gcc/avr/7.3.0/avr5/libgcc.a(_copy_data.o)
                              build/default/production/main.o (__do_copy_data)
/usr/lib/gcc/avr/7.3.0/avr5/libgcc.a(_clear_bss.o)
                              build/default/production/main.o (__do_clear_bss)
/usr/lib/gcc/avr/7.3.0/avr5/libgcc.a(_mulhisi3.o)
                              build/default/production/dsp.o (__mulhisi3)
/usr/lib/gcc/avr/7.3.0/avr5/libgcc.a(_umulhisi3.o)
                              build/default/production/dsp.o (__umulhisi3)
/usr/lib/gcc/avr/7.3.0/avr5/libgcc.a(_usmulhisi3.o)
                              /usr/lib/gcc/avr/7.3.0/avr5/libgcc.a(_mulhisi3.o) (__usmulhisi3_tail)
/usr/lib/gcc/avr/7.3.0/avr5/libgcc.a(_muluhisi3.o)
                              build/default/production/dsp.o (__muluhisi3)
/usr/lib/gcc/avr/7.3.0/../../../avr/lib/avr5/libc.a(strcpy_P.o)
                              build/default/production/dtw.o (strcpy_P)
/usr/lib/gcc/avr/7.3.0/../../../avr/lib/avr5/libc.a(strcmp.o)
                              build/default/production/main.o (strcmp)
/usr/lib/gcc/avr/7.3.0/../../../avr/lib/avr5/libc.a(ltoa_ncheck.o)
                              build/default/production/uart.o (__ltoa_ncheck)
/usr/lib/gcc/avr/7.3.0/../../../avr/lib/avr5/libc.a(ultoa_ncheck.o)
                              /usr/lib/gcc/avr/7.3.0/../../../avr/lib/avr5/libc.a(ltoa_ncheck.o) (__ultoa_common)
/usr/lib/gcc/avr/7.3.0/../../../avr/lib/avr5/libc.a(strrev.o)
                              /usr/lib/gcc/avr/7.3.0/../../../avr/lib/avr5/libc.a(ultoa_ncheck.o) (strrev)

Allocating common symbols
Common symbol       size              file

live_features       0x140             build/default/production/dsp.o
uart_buf            0x10              build/default/production/main.o
audio_buffer        0x100             build/default/production/audio.o

Discarded input sections

 .data          0x0000000000000000        0x0 /opt/microchip/mplabx/v6.30/packs/Microchip/ATmega_DFP/3.5.296/gcc/dev/atmega32/avr5/crtatmega32.o
 .bss           0x0000000000000000        0x0 /opt/microchip/mplabx/v6.30/packs/Microchip/ATmega_DFP/3.5.296/gcc/dev/atmega32/avr5/crtatmega32.o
 .text          0x0000000000000000        0x0 build/default/production/uart.o
 .data          0x0000000000000000        0x0 build/default/production/uart.o
 .bss           0x0000000000000000        0x0 build/default/production/uart.o
 .text          0x0000000000000000        0x0 build/default/production/main.o
 .data          0x0000000000000000        0x0 build/default/production/main.o
 .bss           0x0000000000000000        0x0 build/default/production/main.o
 .text          0x0000000000000000        0x0 build/default/production/dsp.o
 .data          0x0000000000000000        0x0 build/default/production/dsp.o
 .bss           0x0000000000000000        0x0 build/default/production/dsp.o
 .text          0x0000000000000000        0x0 build/default/production/fix_fft.o
 .data          0x0000000000000000        0x0 build/default/production/fix_fft.o
 .bss           0x0000000000000000        0x0 build/default/production/fix_fft.o
 .text          0x0000000000000000        0x0 build/default/production/audio.o
 .data          0x0000000000000000        0x0 build/default/production/audio.o
 .bss           0x0000000000000000        0x0 build/default/production/audio.o
 .text.Audio_StartListening
                0x0000000000000000        0x8 build/default/production/audio.o
 .text.Audio_StopListening
                0x0000000000000000        0x8 build/default/production/audio.o
 .text.TIMER1_start
                0x0000000000000000        0x8 build/default/production/audio.o
 .text.TIMER1_stop
                0x0000000000000000        0x8 build/default/production/audio.o
 .text.ADC_read
                0x0000000000000000        0xa build/default/production/audio.o
 .bss.frame_start_index
                0x0000000000000000        0x1 build/default/production/audio.o
 .bss.frame_ready
                0x0000000000000000        0x1 build/default/production/audio.o
 .text          0x0000000000000000        0x0 build/default/production/dtw.o
 .data          0x0000000000000000        0x0 build/default/production/dtw.o
 .bss           0x0000000000000000        0x0 build/default/production/dtw.o
 .progmem.data.feat_max
                0x0000000000000000       0x20 build/default/production/dtw.o
 .progmem.data.feat_min
                0x0000000000000000       0x20 build/default/production/dtw.o
 .text          0x0000000000000000        0x0 build/default/production/lcd.o
 .data          0x0000000000000000        0x0 build/default/production/lcd.o
 .bss           0x0000000000000000        0x0 build/default/production/lcd.o
 .text          0x0000000000000000        0x0 build/default/production/sram.o
 .data          0x0000000000000000        0x0 build/default/production/sram.o
 .bss           0x0000000000000000        0x0 build/default/production/sram.o
 .text.SRAM_write32
                0x0000000000000000       0x54 build/default/production/sram.o
 .text.SRAM_read32
                0x0000000000000000       0x56 build/default/production/sram.o
 .text          0x0000000000000000        0x0 build/default/production/ext_int.o
 .data          0x0000000000000000        0x0 build/default/production/ext_int.o
 .bss           0x0000000000000000        0x0 build/default/production/ext_int.o
 .text          0x0000000000000000        0x0 /usr/lib/gcc/avr/7.3.0/avr5/libgcc.a(_mulsi3.o)
 .data          0x0000000000000000        0x0 /usr/lib/gcc/avr/7.3.0/avr5/libgcc.a(_mulsi3.o)
 .bss           0x0000000000000000        0x0 /usr/lib/gcc/avr/7.3.0/avr5/libgcc.a(_mulsi3.o)
 .text.libgcc.div
                0x0000000000000000        0x0 /usr/lib/gcc/avr/7.3.0/avr5/libgcc.a(_mulsi3.o)
 .text.libgcc   0x0000000000000000        0x0 /usr/lib/gcc/avr/7.3.0/avr5/libgcc.a(_mulsi3.o)
 .text.libgcc.prologue
                0x0000000000000000        0x0 /usr/lib/gcc/avr/7.3.0/avr5/libgcc.a(_mulsi3.o)
 .text.libgcc.builtins
                0x0000000000000000        0x0 /usr/lib/gcc/avr/7.3.0/avr5/libgcc.a(_mulsi3.o)
 .text.libgcc.fmul
                0x0000000000000000        0x0 /usr/lib/gcc/avr/7.3.0/avr5/libgcc.a(_mulsi3.o)
 .text.libgcc.fixed
                0x0000000000000000        0x0 /usr/lib/gcc/avr/7.3.0/avr5/libgcc.a(_mulsi3.o)
 .text          0x0000000000000000        0x0 /usr/lib/gcc/avr/7.3.0/avr5/libgcc.a(_udivmodhi4.o)
 .data          0x0000000000000000        0x0 /usr/lib/gcc/avr/7.3.0/avr5/libgcc.a(_udivmodhi4.o)
 .bss           0x0000000000000000        0x0 /usr/lib/gcc/avr/7.3.0/avr5/libgcc.a(_udivmodhi4.o)
 .text.libgcc.mul
                0x0000000000000000        0x0 /usr/lib/gcc/avr/7.3.0/avr5/libgcc.a(_udivmodhi4.o)
 .text.libgcc   0x0000000000000000        0x0 /usr/lib/gcc/avr/7.3.0/avr5/libgcc.a(_udivmodhi4.o)
 .text.libgcc.prologue
                0x0000000000000000        0x0 /usr/lib/gcc/avr/7.3.0/avr5/libgcc.a(_udivmodhi4.o)
 .text.libgcc.builtins
                0x0000000000000000        0x0 /usr/lib/gcc/avr/7.3.0/avr5/libgcc.a(_udivmodhi4.o)
 .text.libgcc.fmul
                0x0000000000000000        0x0 /usr/lib/gcc/avr/7.3.0/avr5/libgcc.a(_udivmodhi4.o)
 .text.libgcc.fixed
                0x0000000000000000        0x0 /usr/lib/gcc/avr/7.3.0/avr5/libgcc.a(_udivmodhi4.o)
 .text          0x0000000000000000        0x0 /usr/lib/gcc/avr/7.3.0/avr5/libgcc.a(_divmodhi4.o)
 .data          0x0000000000000000        0x0 /usr/lib/gcc/avr/7.3.0/avr5/libgcc.a(_divmodhi4.o)
 .bss           0x0000000000000000        0x0 /usr/lib/gcc/avr/7.3.0/avr5/libgcc.a(_divmodhi4.o)
 .text.libgcc.mul
                0x0000000000000000        0x0 /usr/lib/gcc/avr/7.3.0/avr5/libgcc.a(_divmodhi4.o)
 .text.libgcc   0x0000000000000000        0x0 /usr/lib/gcc/avr/7.3.0/avr5/libgcc.a(_divmodhi4.o)
 .text.libgcc.prologue
                0x0000000000000000        0x0 /usr/lib/gcc/avr/7.3.0/avr5/libgcc.a(_divmodhi4.o)
 .text.libgcc.builtins
                0x0000000000000000        0x0 /usr/lib/gcc/avr/7.3.0/avr5/libgcc.a(_divmodhi4.o)
 .text.libgcc.fmul
                0x0000000000000000        0x0 /usr/lib/gcc/avr/7.3.0/avr5/libgcc.a(_divmodhi4.o)
 .text.libgcc.fixed
                0x0000000000000000        0x0 /usr/lib/gcc/avr/7.3.0/avr5/libgcc.a(_divmodhi4.o)
 .text          0x0000000000000000        0x0 /usr/lib/gcc/avr/7.3.0/avr5/libgcc.a(_udivmodsi4.o)
 .data          0x0000000000000000        0x0 /usr/lib/gcc/avr/7.3.0/avr5/libgcc.a(_udivmodsi4.o)
 .bss           0x0000000000000000        0x0 /usr/lib/gcc/avr/7.3.0/avr5/libgcc.a(_udivmodsi4.o)
 .text.libgcc.mul
                0x0000000000000000        0x0 /usr/lib/gcc/avr/7.3.0/avr5/libgcc.a(_udivmodsi4.o)
 .text.libgcc   0x0000000000000000        0x0 /usr/lib/gcc/avr/7.3.0/avr5/libgcc.a(_udivmodsi4.o)
 .text.libgcc.prologue
                0x0000000000000000        0x0 /usr/lib/gcc/avr/7.3.0/avr5/libgcc.a(_udivmodsi4.o)
 .text.libgcc.builtins
                0x0000000000000000        0x0 /usr/lib/gcc/avr/7.3.0/avr5/libgcc.a(_udivmodsi4.o)
 .text.libgcc.fmul
                0x0000000000000000        0x0 /usr/lib/gcc/avr/7.3.0/avr5/libgcc.a(_udivmodsi4.o)
 .text.libgcc.fixed
                0x0000000000000000        0x0 /usr/lib/gcc/avr/7.3.0/avr5/libgcc.a(_udivmodsi4.o)
 .text          0x0000000000000000        0x0 /usr/lib/gcc/avr/7.3.0/avr5/libgcc.a(_exit.o)
 .data          0x0000000000000000        0x0 /usr/lib/gcc/avr/7.3.0/avr5/libgcc.a(_exit.o)
 .bss           0x0000000000000000        0x0 /usr/lib/gcc/avr/7.3.0/avr5/libgcc.a(_exit.o)
 .text.libgcc.mul
                0x0000000000000000        0x0 /usr/lib/gcc/avr/7.3.0/avr5/libgcc.a(_exit.o)
 .text.libgcc.div
                0x0000000000000000        0x0 /usr/lib/gcc/avr/7.3.0/avr5/libgcc.a(_exit.o)
 .text.libgcc   0x0000000000000000        0x0 /usr/lib/gcc/avr/7.3.0/avr5/libgcc.a(_exit.o)
 .text.libgcc.prologue
                0x0000000000000000        0x0 /usr/lib/gcc/avr/7.3.0/avr5/libgcc.a(_exit.o)
 .text.libgcc.builtins
                0x0000000000000000        0x0 /usr/lib/gcc/avr/7.3.0/avr5/libgcc.a(_exit.o)
 .text.libgcc.fmul
                0x0000000000000000        0x0 /usr/lib/gcc/avr/7.3.0/avr5/libgcc.a(_exit.o)
 .text.libgcc.fixed
                0x0000000000000000        0x0 /usr/lib/gcc/avr/7.3.0/avr5/libgcc.a(_exit.o)
 .text          0x0000000000000000        0x0 /usr/lib/gcc/avr/7.3.0/avr5/libgcc.a(_copy_data.o)
 .data          0x0000000000000000        0x0 /usr/lib/gcc/avr/7.3.0/avr5/libgcc.a(_copy_data.o)
 .bss           0x0000000000000000        0x0 /usr/lib/gcc/avr/7.3.0/avr5/libgcc.a(_copy_data.o)
 .text.libgcc.mul
                0x0000000000000000        0x0 /usr/lib/gcc/avr/7.3.0/avr5/libgcc.a(_copy_data.o)
 .text.libgcc.div
                0x0000000000000000        0x0 /usr/lib/gcc/avr/7.3.0/avr5/libgcc.a(_copy_data.o)
 .text.libgcc   0x0000000000000000        0x0 /usr/lib/gcc/avr/7.3.0/avr5/libgcc.a(_copy_data.o)
 .text.libgcc.prologue
                0x0000000000000000        0x0 /usr/lib/gcc/avr/7.3.0/avr5/libgcc.a(_copy_data.o)
 .text.libgcc.builtins
                0x0000000000000000        0x0 /usr/lib/gcc/avr/7.3.0/avr5/libgcc.a(_copy_data.o)
 .text.libgcc.fmul
                0x0000000000000000        0x0 /usr/lib/gcc/avr/7.3.0/avr5/libgcc.a(_copy_data.o)
 .text.libgcc.fixed
                0x0000000000000000        0x0 /usr/lib/gcc/avr/7.3.0/avr5/libgcc.a(_copy_data.o)
 .text          0x0000000000000000        0x0 /usr/lib/gcc/avr/7.3.0/avr5/libgcc.a(_clear_bss.o)
 .data          0x0000000000000000        0x0 /usr/lib/gcc/avr/7.3.0/avr5/libgcc.a(_clear_bss.o)
 .bss           0x0000000000000000        0x0 /usr/lib/gcc/avr/7.3.0/avr5/libgcc.a(_clear_bss.o)
 .text.libgcc.mul
                0x0000000000000000        0x0 /usr/lib/gcc/avr/7.3.0/avr5/libgcc.a(_clear_bss.o)
 .text.libgcc.div
                0x0000000000000000        0x0 /usr/lib/gcc/avr/7.3.0/avr5/libgcc.a(_clear_bss.o)
 .text.libgcc   0x0000000000000000        0x0 /usr/lib/gcc/avr/7.3.0/avr5/libgcc.a(_clear_bss.o)
 .text.libgcc.prologue
                0x0000000000000000        0x0 /usr/lib/gcc/avr/7.3.0/avr5/libgcc.a(_clear_bss.o)
 .text.libgcc.builtins
                0x0000000000000000        0x0 /usr/lib/gcc/avr/7.3.0/avr5/libgcc.a(_clear_bss.o)
 .text.libgcc.fmul
                0x0000000000000000        0x0 /usr/lib/gcc/avr/7.3.0/avr5/libgcc.a(_clear_bss.o)
 .text.libgcc.fixed
                0x0000000000000000        0x0 /usr/lib/gcc/avr/7.3.0/avr5/libgcc.a(_clear_bss.o)
 .text          0x0000000000000000        0x0 /usr/lib/gcc/avr/7.3.0/avr5/libgcc.a(_mulhisi3.o)
 .data          0x0000000000000000        0x0 /usr/lib/gcc/avr/7.3.0/avr5/libgcc.a(_mulhisi3.o)
 .bss           0x0000000000000000        0x0 /usr/lib/gcc/avr/7.3.0/avr5/libgcc.a(_mulhisi3.o)
 .text.libgcc.div
                0x0000000000000000        0x0 /usr/lib/gcc/avr/7.3.0/avr5/libgcc.a(_mulhisi3.o)
 .text.libgcc   0x0000000000000000        0x0 /usr/lib/gcc/avr/7.3.0/avr5/libgcc.a(_mulhisi3.o)
 .text.libgcc.prologue
                0x0000000000000000        0x0 /usr/lib/gcc/avr/7.3.0/avr5/libgcc.a(_mulhisi3.o)
 .text.libgcc.builtins
                0x0000000000000000        0x0 /usr/lib/gcc/avr/7.3.0/avr5/libgcc.a(_mulhisi3.o)
 .text.libgcc.fmul
                0x0000000000000000        0x0 /usr/lib/gcc/avr/7.3.0/avr5/libgcc.a(_mulhisi3.o)
 .text.libgcc.fixed
                0x0000000000000000        0x0 /usr/lib/gcc/avr/7.3.0/avr5/libgcc.a(_mulhisi3.o)
 .text          0x0000000000000000        0x0 /usr/lib/gcc/avr/7.3.0/avr5/libgcc.a(_umulhisi3.o)
 .data          0x0000000000000000        0x0 /usr/lib/gcc/avr/7.3.0/avr5/libgcc.a(_umulhisi3.o)
 .bss           0x0000000000000000        0x0 /usr/lib/gcc/avr/7.3.0/avr5/libgcc.a(_umulhisi3.o)
 .text.libgcc.div
                0x0000000000000000        0x0 /usr/lib/gcc/avr/7.3.0/avr5/libgcc.a(_umulhisi3.o)
 .text.libgcc   0x0000000000000000        0x0 /usr/lib/gcc/avr/7.3.0/avr5/libgcc.a(_umulhisi3.o)
 .text.libgcc.prologue
                0x0000000000000000        0x0 /usr/lib/gcc/avr/7.3.0/avr5/libgcc.a(_umulhisi3.o)
 .text.libgcc.builtins
                0x0000000000000000        0x0 /usr/lib/gcc/avr/7.3.0/avr5/libgcc.a(_umulhisi3.o)
 .text.libgcc.fmul
                0x0000000000000000        0x0 /usr/lib/gcc/avr/7.3.0/avr5/libgcc.a(_umulhisi3.o)
 .text.libgcc.fixed
                0x0000000000000000        0x0 /usr/lib/gcc/avr/7.3.0/avr5/libgcc.a(_umulhisi3.o)
 .text          0x0000000000000000        0x0 /usr/lib/gcc/avr/7.3.0/avr5/libgcc.a(_usmulhisi3.o)
 .data          0x0000000000000000        0x0 /usr/lib/gcc/avr/7.3.0/avr5/libgcc.a(_usmulhisi3.o)
 .bss           0x0000000000000000        0x0 /usr/lib/gcc/avr/7.3.0/avr5/libgcc.a(_usmulhisi3.o)
 .text.libgcc.div
                0x0000000000000000        0x0 /usr/lib/gcc/avr/7.3.0/avr5/libgcc.a(_usmulhisi3.o)
 .text.libgcc   0x0000000000000000        0x0 /usr/lib/gcc/avr/7.3.0/avr5/libgcc.a(_usmulhisi3.o)
 .text.libgcc.prologue
                0x0000000000000000        0x0 /usr/lib/gcc/avr/7.3.0/avr5/libgcc.a(_usmulhisi3.o)
 .text.libgcc.builtins
                0x0000000000000000        0x0 /usr/lib/gcc/avr/7.3.0/avr5/libgcc.a(_usmulhisi3.o)
 .text.libgcc.fmul
                0x0000000000000000        0x0 /usr/lib/gcc/avr/7.3.0/avr5/libgcc.a(_usmulhisi3.o)
 .text.libgcc.fixed
                0x0000000000000000        0x0 /usr/lib/gcc/avr/7.3.0/avr5/libgcc.a(_usmulhisi3.o)
 .text          0x0000000000000000        0x0 /usr/lib/gcc/avr/7.3.0/avr5/libgcc.a(_muluhisi3.o)
 .data          0x0000000000000000        0x0 /usr/lib/gcc/avr/7.3.0/avr5/libgcc.a(_muluhisi3.o)
 .bss           0x0000000000000000        0x0 /usr/lib/gcc/avr/7.3.0/avr5/libgcc.a(_muluhisi3.o)
 .text.libgcc.div
                0x0000000000000000        0x0 /usr/lib/gcc/avr/7.3.0/avr5/libgcc.a(_muluhisi3.o)
 .text.libgcc   0x0000000000000000        0x0 /usr/lib/gcc/avr/7.3.0/avr5/libgcc.a(_muluhisi3.o)
 .text.libgcc.prologue
                0x0000000000000000        0x0 /usr/lib/gcc/avr/7.3.0/avr5/libgcc.a(_muluhisi3.o)
 .text.libgcc.builtins
                0x0000000000000000        0x0 /usr/lib/gcc/avr/7.3.0/avr5/libgcc.a(_muluhisi3.o)
 .text.libgcc.fmul
                0x0000000000000000        0x0 /usr/lib/gcc/avr/7.3.0/avr5/libgcc.a(_muluhisi3.o)
 .text.libgcc.fixed
                0x0000000000000000        0x0 /usr/lib/gcc/avr/7.3.0/avr5/libgcc.a(_muluhisi3.o)
 .text          0x0000000000000000        0x0 /usr/lib/gcc/avr/7.3.0/../../../avr/lib/avr5/libc.a(strcpy_P.o)
 .data          0x0000000000000000        0x0 /usr/lib/gcc/avr/7.3.0/../../../avr/lib/avr5/libc.a(strcpy_P.o)
 .bss           0x0000000000000000        0x0 /usr/lib/gcc/avr/7.3.0/../../../avr/lib/avr5/libc.a(strcpy_P.o)
 .text          0x0000000000000000        0x0 /usr/lib/gcc/avr/7.3.0/../../../avr/lib/avr5/libc.a(strcmp.o)
 .data          0x0000000000000000        0x0 /usr/lib/gcc/avr/7.3.0/../../../avr/lib/avr5/libc.a(strcmp.o)
 .bss           0x0000000000000000        0x0 /usr/lib/gcc/avr/7.3.0/../../../avr/lib/avr5/libc.a(strcmp.o)
 .text          0x0000000000000000        0x0 /usr/lib/gcc/avr/7.3.0/../../../avr/lib/avr5/libc.a(ltoa_ncheck.o)
 .data          0x0000000000000000        0x0 /usr/lib/gcc/avr/7.3.0/../../../avr/lib/avr5/libc.a(ltoa_ncheck.o)
 .bss           0x0000000000000000        0x0 /usr/lib/gcc/avr/7.3.0/../../../avr/lib/avr5/libc.a(ltoa_ncheck.o)
 .text          0x0000000000000000        0x0 /usr/lib/gcc/avr/7.3.0/../../../avr/lib/avr5/libc.a(ultoa_ncheck.o)
 .data          0x0000000000000000        0x0 /usr/lib/gcc/avr/7.3.0/../../../avr/lib/avr5/libc.a(ultoa_ncheck.o)
 .bss           0x0000000000000000        0x0 /usr/lib/gcc/avr/7.3.0/../../../avr/lib/avr5/libc.a(ultoa_ncheck.o)
 .text          0x0000000000000000        0x0 /usr/lib/gcc/avr/7.3.0/../../../avr/lib/avr5/libc.a(strrev.o)
 .data          0x0000000000000000        0x0 /usr/lib/gcc/avr/7.3.0/../../../avr/lib/avr5/libc.a(strrev.o)
 .bss           0x0000000000000000        0x0 /usr/lib/gcc/avr/7.3.0/../../../avr/lib/avr5/libc.a(strrev.o)

Memory Configuration

Name             Origin             Length             Attributes
text             0x0000000000000000 0x0000000000008000 xr
data             0x0000000000800060 0x0000000000000800 rw !x
eeprom           0x0000000000810000 0x0000000000000400 rw !x
fuse             0x0000000000820000 0x0000000000000002 rw !x
lock             0x0000000000830000 0x0000000000000400 rw !x
signature        0x0000000000840000 0x0000000000000400 rw !x
user_signatures  0x0000000000850000 0x0000000000000400 rw !x
*default*        0x0000000000000000 0xffffffffffffffff

Linker script and memory map

LOAD /opt/microchip/mplabx/v6.30/packs/Microchip/ATmega_DFP/3.5.296/gcc/dev/atmega32/avr5/crtatmega32.o
LOAD build/default/production/uart.o
LOAD build/default/production/main.o
LOAD build/default/production/dsp.o
LOAD build/default/production/fix_fft.o
LOAD build/default/production/audio.o
LOAD build/default/production/dtw.o
LOAD build/default/production/lcd.o
LOAD build/default/production/sram.o
LOAD build/default/production/ext_int.o
                0x0000000000000001                __MPLAB_BUILD = 0x1
START GROUP
LOAD /usr/lib/gcc/avr/7.3.0/../../../avr/lib/avr5/libm.a
END GROUP
START GROUP
LOAD /usr/lib/gcc/avr/7.3.0/avr5/libgcc.a
LOAD /usr/lib/gcc/avr/7.3.0/../../../avr/lib/avr5/libm.a
LOAD /usr/lib/gcc/avr/7.3.0/../../../avr/lib/avr5/libc.a
LOAD /opt/microchip/mplabx/v6.30/packs/Microchip/ATmega_DFP/3.5.296/gcc/dev/atmega32/avr5/libatmega32.a
END GROUP
                0x0000000000000000                __TEXT_REGION_ORIGIN__ = DEFINED (__TEXT_REGION_ORIGIN__)?__TEXT_REGION_ORIGIN__:0x0
                [0x0000000000800060]                __DATA_REGION_ORIGIN__ = DEFINED (__DATA_REGION_ORIGIN__)?__DATA_REGION_ORIGIN__:0x800060
                [0x0000000000008000]                __TEXT_REGION_LENGTH__ = DEFINED (__TEXT_REGION_LENGTH__)?__TEXT_REGION_LENGTH__:0x20000
                [0x0000000000000800]                __DATA_REGION_LENGTH__ = DEFINED (__DATA_REGION_LENGTH__)?__DATA_REGION_LENGTH__:0xffa0
                [0x0000000000000400]                __EEPROM_REGION_LENGTH__ = DEFINED (__EEPROM_REGION_LENGTH__)?__EEPROM_REGION_LENGTH__:0x10000
                [0x0000000000000002]                __FUSE_REGION_LENGTH__ = DEFINED (__FUSE_REGION_LENGTH__)?__FUSE_REGION_LENGTH__:0x400
                0x0000000000000400                __LOCK_REGION_LENGTH__ = DEFINED (__LOCK_REGION_LENGTH__)?__LOCK_REGION_LENGTH__:0x400
                0x0000000000000400                __SIGNATURE_REGION_LENGTH__ = DEFINED (__SIGNATURE_REGION_LENGTH__)?__SIGNATURE_REGION_LENGTH__:0x400
                0x0000000000000400                __USER_SIGNATURE_REGION_LENGTH__ = DEFINED (__USER_SIGNATURE_REGION_LENGTH__)?__USER_SIGNATURE_REGION_LENGTH__:0x400

.hash
 *(.hash)

.dynsym
 *(.dynsym)

.dynstr
 *(.dynstr)

.gnu.version
 *(.gnu.version)

.gnu.version_d
 *(.gnu.version_d)

.gnu.version_r
 *(.gnu.version_r)

.rel.init
 *(.rel.init)

.rela.init
 *(.rela.init)

.rel.text
 *(.rel.text)
 *(.rel.text.*)
 *(.rel.gnu.linkonce.t*)

.rela.text
 *(.rela.text)
 *(.rela.text.*)
 *(.rela.gnu.linkonce.t*)

.rel.fini
 *(.rel.fini)

.rela.fini
 *(.rela.fini)

.rel.rodata
 *(.rel.rodata)
 *(.rel.rodata.*)
 *(.rel.gnu.linkonce.r*)

.rela.rodata
 *(.rela.rodata)
 *(.rela.rodata.*)
 *(.rela.gnu.linkonce.r*)

.rel.data
 *(.rel.data)
 *(.rel.data.*)
 *(.rel.gnu.linkonce.d*)

.rela.data
 *(.rela.data)
 *(.rela.data.*)
 *(.rela.gnu.linkonce.d*)

.rel.ctors
 *(.rel.ctors)

.rela.ctors
 *(.rela.ctors)

.rel.dtors
 *(.rel.dtors)

.rela.dtors
 *(.rela.dtors)

.rel.got
 *(.rel.got)

.rela.got
 *(.rela.got)

.rel.bss
 *(.rel.bss)

.rela.bss
 *(.rela.bss)

.rel.plt
 *(.rel.plt)

.rela.plt
 *(.rela.plt)

.text           0x0000000000000000     0x2e24
 *(.vectors)
 .vectors       0x0000000000000000       0x54 /opt/microchip/mplabx/v6.30/packs/Microchip/ATmega_DFP/3.5.296/gcc/dev/atmega32/avr5/crtatmega32.o
                0x0000000000000000                __vectors
                0x0000000000000000                __vector_default
 *(.vectors)
 *(.progmem.gcc*)
                0x0000000000000054                . = ALIGN (0x2)
                0x0000000000000054                __trampolines_start = .
 *(.trampolines)
 .trampolines   0x0000000000000054        0x0 linker stubs
 *(.trampolines*)
                0x0000000000000054                __trampolines_end = .
 *libprintf_flt.a:*(.progmem.data)
 *libc.a:*(.progmem.data)
 *(.progmem*)
 .progmem.data.sin_table
                0x0000000000000054       0x80 build/default/production/fix_fft.o
 .progmem.data.template_ptrs
                0x00000000000000d4       0x20 build/default/production/dtw.o
                0x00000000000000d4                template_ptrs
 .progmem.data.template_15
                0x00000000000000f4      0x140 build/default/production/dtw.o
                0x00000000000000f4                template_15
 .progmem.data.template_14
                0x0000000000000234      0x140 build/default/production/dtw.o
                0x0000000000000234                template_14
 .progmem.data.template_13
                0x0000000000000374      0x140 build/default/production/dtw.o
                0x0000000000000374                template_13
 .progmem.data.template_12
                0x00000000000004b4      0x140 build/default/production/dtw.o
                0x00000000000004b4                template_12
 .progmem.data.template_11
                0x00000000000005f4      0x140 build/default/production/dtw.o
                0x00000000000005f4                template_11
 .progmem.data.template_10
                0x0000000000000734      0x140 build/default/production/dtw.o
                0x0000000000000734                template_10
 .progmem.data.template_9
                0x0000000000000874      0x118 build/default/production/dtw.o
                0x0000000000000874                template_9
 .progmem.data.template_8
                0x000000000000098c      0x140 build/default/production/dtw.o
                0x000000000000098c                template_8
 .progmem.data.template_7
                0x0000000000000acc      0x140 build/default/production/dtw.o
                0x0000000000000acc                template_7
 .progmem.data.template_6
                0x0000000000000c0c      0x108 build/default/production/dtw.o
                0x0000000000000c0c                template_6
 .progmem.data.template_5
                0x0000000000000d14      0x140 build/default/production/dtw.o
                0x0000000000000d14                template_5
 .progmem.data.template_4
                0x0000000000000e54      0x140 build/default/production/dtw.o
                0x0000000000000e54                template_4
 .progmem.data.template_3
                0x0000000000000f94      0x140 build/default/production/dtw.o
                0x0000000000000f94                template_3
 .progmem.data.template_2
                0x00000000000010d4      0x138 build/default/production/dtw.o
                0x00000000000010d4                template_2
 .progmem.data.template_1
                0x000000000000120c       0xa0 build/default/production/dtw.o
                0x000000000000120c                template_1
 .progmem.data.template_0
                0x00000000000012ac      0x100 build/default/production/dtw.o
                0x00000000000012ac                template_0
 .progmem.data.template_lengths
                0x00000000000013ac       0x10 build/default/production/dtw.o
                0x00000000000013ac                template_lengths
 .progmem.data.template_labels
                0x00000000000013bc       0x10 build/default/production/dtw.o
                0x00000000000013bc                template_labels
 .progmem.data.word_labels
                0x00000000000013cc       0x10 build/default/production/dtw.o
                0x00000000000013cc                word_labels
 .progmem.data.word_str_7
                0x00000000000013dc        0x7 build/default/production/dtw.o
 .progmem.data.word_str_6
                0x00000000000013e3        0x6 build/default/production/dtw.o
 .progmem.data.word_str_5
                0x00000000000013e9        0x6 build/default/production/dtw.o
 .progmem.data.word_str_4
                0x00000000000013ef        0x4 build/default/production/dtw.o
 .progmem.data.word_str_3
                0x00000000000013f3        0x3 build/default/production/dtw.o
 .progmem.data.word_str_2
                0x00000000000013f6        0x6 build/default/production/dtw.o
 .progmem.data.word_str_1
                0x00000000000013fc        0x5 build/default/production/dtw.o
 .progmem.data.word_str_0
                0x0000000000001401        0x5 build/default/production/dtw.o
                0x0000000000001406                . = ALIGN (0x2)
 *(.jumptables)
 *(.jumptables*)
 *(.lowtext)
 *(.lowtext*)
                0x0000000000001406                __ctors_start = .
 *(.ctors)
                0x0000000000001406                __ctors_end = .
                0x0000000000001406                __dtors_start = .
 *(.dtors)
                0x0000000000001406                __dtors_end = .
 SORT(*)(.ctors)
 SORT(*)(.dtors)
 *(.init0)
 .init0         0x0000000000001406        0x0 /opt/microchip/mplabx/v6.30/packs/Microchip/ATmega_DFP/3.5.296/gcc/dev/atmega32/avr5/crtatmega32.o
                0x0000000000001406                __init
 *(.init0)
 *(.init1)
 *(.init1)
 *(.init2)
 .init2         0x0000000000001406        0xc /opt/microchip/mplabx/v6.30/packs/Microchip/ATmega_DFP/3.5.296/gcc/dev/atmega32/avr5/crtatmega32.o
 *(.init2)
 *(.init3)
 .init3         0x0000000000001412        0x8 build/default/production/main.o
                0x0000000000001412                get_mcusr
 *(.init3)
 *(.init4)
 .init4         0x000000000000141a       0x16 /usr/lib/gcc/avr/7.3.0/avr5/libgcc.a(_copy_data.o)
                0x000000000000141a                __do_copy_data
 .init4         0x0000000000001430       0x10 /usr/lib/gcc/avr/7.3.0/avr5/libgcc.a(_clear_bss.o)
                0x0000000000001430                __do_clear_bss
 *(.init4)
 *(.init5)
 *(.init5)
 *(.init6)
 *(.init6)
 *(.init7)
 *(.init7)
 *(.init8)
 *(.init8)
 *(.init9)
 .init9         0x0000000000001440        0x8 /opt/microchip/mplabx/v6.30/packs/Microchip/ATmega_DFP/3.5.296/gcc/dev/atmega32/avr5/crtatmega32.o
 *(.init9)
 *(.text)
 .text          0x0000000000001448        0x4 /opt/microchip/mplabx/v6.30/packs/Microchip/ATmega_DFP/3.5.296/gcc/dev/atmega32/avr5/crtatmega32.o
                0x0000000000001448                __vector_12
                0x0000000000001448                __bad_interrupt
                0x0000000000001448                __vector_6
                0x0000000000001448                __vector_3
                0x0000000000001448                __vector_11
                0x0000000000001448                __vector_17
                0x0000000000001448                __vector_19
                0x0000000000001448                __vector_5
                0x0000000000001448                __vector_4
                0x0000000000001448                __vector_9
                0x0000000000001448                __vector_2
                0x0000000000001448                __vector_15
                0x0000000000001448                __vector_8
                0x0000000000001448                __vector_14
                0x0000000000001448                __vector_10
                0x0000000000001448                __vector_18
                0x0000000000001448                __vector_20
                0x000000000000144c                . = ALIGN (0x2)
 *(.text.*)
 .text.UART_Init
                0x000000000000144c       0x22 build/default/production/uart.o
                0x000000000000144c                UART_Init
 .text.UART_TxChar
                0x000000000000146e        0x8 build/default/production/uart.o
                0x000000000000146e                UART_TxChar
 .text.UART_TxString
                0x0000000000001476       0x1e build/default/production/uart.o
                0x0000000000001476                UART_TxString
 .text.UART_TxNum
                0x0000000000001494       0x3a build/default/production/uart.o
                0x0000000000001494                UART_TxNum
 .text.UART_sendByte
                0x00000000000014ce        0x8 build/default/production/uart.o
                0x00000000000014ce                UART_sendByte
 .text.__vector_7
                0x00000000000014d6       0x20 build/default/production/main.o
                0x00000000000014d6                __vector_7
 .text.__vector_1
                0x00000000000014f6       0x3e build/default/production/main.o
                0x00000000000014f6                __vector_1
 .text.__vector_16
                0x0000000000001534       0x98 build/default/production/main.o
                0x0000000000001534                __vector_16
 .text.__vector_13
                0x00000000000015cc       0x62 build/default/production/main.o
                0x00000000000015cc                __vector_13
 .text.process_uart_command
                0x000000000000162e       0x60 build/default/production/main.o
                0x000000000000162e                process_uart_command
 .text.main     0x000000000000168e      0x1e2 build/default/production/main.o
                0x000000000000168e                main
 .text.DSP_GetEnergy
                0x0000000000001870       0x76 build/default/production/dsp.o
                0x0000000000001870                DSP_GetEnergy
 .text.DSP_GetZCR
                0x00000000000018e6       0x74 build/default/production/dsp.o
                0x00000000000018e6                DSP_GetZCR
 .text.DSP_GetSpectralCentroid
                0x000000000000195a       0xc6 build/default/production/dsp.o
                0x000000000000195a                DSP_GetSpectralCentroid
 .text.DSP_GetDominantFreq
                0x0000000000001a20       0x68 build/default/production/dsp.o
                0x0000000000001a20                DSP_GetDominantFreq
 .text.DSP_ExtractFeatures
                0x0000000000001a88      0x248 build/default/production/dsp.o
                0x0000000000001a88                DSP_ExtractFeatures
 .text.DEBUG_PrintFrame
                0x0000000000001cd0       0x6c build/default/production/dsp.o
                0x0000000000001cd0                DEBUG_PrintFrame
 .text.sin_pgm  0x0000000000001d3c       0x22 build/default/production/fix_fft.o
 .text.fix_fft  0x0000000000001d5e      0x2de build/default/production/fix_fft.o
                0x0000000000001d5e                fix_fft
 .text.Audio_Init
                0x000000000000203c        0xc build/default/production/audio.o
                0x000000000000203c                Audio_Init
 .text.TIMER1_init_CTC_8kHz
                0x0000000000002048       0x1c build/default/production/audio.o
                0x0000000000002048                TIMER1_init_CTC_8kHz
 .text.DTW_GetWordString
                0x0000000000002064       0x18 build/default/production/dtw.o
                0x0000000000002064                DTW_GetWordString
 .text.DTW_ClassifyWord
                0x000000000000207c      0xa44 build/default/production/dtw.o
                0x000000000000207c                DTW_ClassifyWord
 .text.LCD_write4
                0x0000000000002ac0       0x2c build/default/production/lcd.o
 .text.LCD_Command
                0x0000000000002aec       0x26 build/default/production/lcd.o
                0x0000000000002aec                LCD_Command
 .text.LCD_Char
                0x0000000000002b12       0x24 build/default/production/lcd.o
                0x0000000000002b12                LCD_Char
 .text.LCD_String
                0x0000000000002b36       0x1e build/default/production/lcd.o
                0x0000000000002b36                LCD_String
 .text.LCD_Clear
                0x0000000000002b54       0x12 build/default/production/lcd.o
                0x0000000000002b54                LCD_Clear
 .text.LCD_Init
                0x0000000000002b66       0x38 build/default/production/lcd.o
                0x0000000000002b66                LCD_Init
 .text.LCD_SetCursor
                0x0000000000002b9e       0x14 build/default/production/lcd.o
                0x0000000000002b9e                LCD_SetCursor
 .text.bus_write
                0x0000000000002bb2       0x18 build/default/production/sram.o
 .text.SRAM_init
                0x0000000000002bca       0x12 build/default/production/sram.o
                0x0000000000002bca                SRAM_init
 .text.SRAM_write
                0x0000000000002bdc       0x44 build/default/production/sram.o
                0x0000000000002bdc                SRAM_write
 .text.SRAM_read
                0x0000000000002c20       0x46 build/default/production/sram.o
                0x0000000000002c20                SRAM_read
 .text.INT0_init
                0x0000000000002c66       0x12 build/default/production/ext_int.o
                0x0000000000002c66                INT0_init
 .text.libgcc.mul
                0x0000000000002c78       0x20 /usr/lib/gcc/avr/7.3.0/avr5/libgcc.a(_mulsi3.o)
                0x0000000000002c78                __mulsi3
 .text.libgcc.div
                0x0000000000002c98       0x28 /usr/lib/gcc/avr/7.3.0/avr5/libgcc.a(_udivmodhi4.o)
                0x0000000000002c98                __udivmodhi4
 .text.libgcc.div
                0x0000000000002cc0       0x28 /usr/lib/gcc/avr/7.3.0/avr5/libgcc.a(_divmodhi4.o)
                0x0000000000002cc0                __divmodhi4
                0x0000000000002cc0                _div
 .text.libgcc.div
                0x0000000000002ce8       0x44 /usr/lib/gcc/avr/7.3.0/avr5/libgcc.a(_udivmodsi4.o)
                0x0000000000002ce8                __udivmodsi4
 .text.libgcc.mul
                0x0000000000002d2c       0x10 /usr/lib/gcc/avr/7.3.0/avr5/libgcc.a(_mulhisi3.o)
                0x0000000000002d2c                __mulhisi3
 .text.libgcc.mul
                0x0000000000002d3c       0x1e /usr/lib/gcc/avr/7.3.0/avr5/libgcc.a(_umulhisi3.o)
                0x0000000000002d3c                __umulhisi3
 .text.libgcc.mul
                0x0000000000002d5a        0xe /usr/lib/gcc/avr/7.3.0/avr5/libgcc.a(_usmulhisi3.o)
                0x0000000000002d5a                __usmulhisi3
                0x0000000000002d5e                __usmulhisi3_tail
 .text.libgcc.mul
                0x0000000000002d68       0x16 /usr/lib/gcc/avr/7.3.0/avr5/libgcc.a(_muluhisi3.o)
                0x0000000000002d68                __muluhisi3
 .text.avr-libc
                0x0000000000002d7e        0xe /usr/lib/gcc/avr/7.3.0/../../../avr/lib/avr5/libc.a(strcpy_P.o)
                0x0000000000002d7e                strcpy_P
 .text.avr-libc
                0x0000000000002d8c       0x12 /usr/lib/gcc/avr/7.3.0/../../../avr/lib/avr5/libc.a(strcmp.o)
                0x0000000000002d8c                strcmp
 .text.avr-libc
                0x0000000000002d9e       0x1e /usr/lib/gcc/avr/7.3.0/../../../avr/lib/avr5/libc.a(ltoa_ncheck.o)
                0x0000000000002d9e                __ltoa_ncheck
 .text.avr-libc
                0x0000000000002dbc       0x44 /usr/lib/gcc/avr/7.3.0/../../../avr/lib/avr5/libc.a(ultoa_ncheck.o)
                0x0000000000002dbc                __ultoa_ncheck
                0x0000000000002dbe                __ultoa_common
 .text.avr-libc
                0x0000000000002e00       0x20 /usr/lib/gcc/avr/7.3.0/../../../avr/lib/avr5/libc.a(strrev.o)
                0x0000000000002e00                strrev
                0x0000000000002e20                . = ALIGN (0x2)
 *(.fini9)
 .fini9         0x0000000000002e20        0x0 /usr/lib/gcc/avr/7.3.0/avr5/libgcc.a(_exit.o)
                0x0000000000002e20                exit
                0x0000000000002e20                _exit
 *(.fini9)
 *(.fini8)
 *(.fini8)
 *(.fini7)
 *(.fini7)
 *(.fini6)
 *(.fini6)
 *(.fini5)
 *(.fini5)
 *(.fini4)
 *(.fini4)
 *(.fini3)
 *(.fini3)
 *(.fini2)
 *(.fini2)
 *(.fini1)
 *(.fini1)
 *(.fini0)
 .fini0         0x0000000000002e20        0x4 /usr/lib/gcc/avr/7.3.0/avr5/libgcc.a(_exit.o)
 *(.fini0)
                0x0000000000002e24                _etext = .

.data           0x0000000000800060      0x146 load address 0x0000000000002e24
                0x0000000000800060                PROVIDE (__data_start, .)
 *(.data)
 *(.data*)
 *(.gnu.linkonce.d*)
 *(.rodata)
 *(.rodata*)
 .rodata.process_uart_command.str1.1
                0x0000000000800060       0x4c build/default/production/main.o
 .rodata.main.str1.1
                0x00000000008000ac       0x6f build/default/production/main.o
                                         0x72 (size before relaxing)
 .rodata.DEBUG_PrintFrame.str1.1
                0x000000000080011b        0x9 build/default/production/dsp.o
 .rodata.DTW_ClassifyWord.str1.1
                0x0000000000800124       0x81 build/default/production/dtw.o
                                         0x89 (size before relaxing)
 *(.gnu.linkonce.r*)
                0x00000000008001a6                . = ALIGN (0x2)
 *fill*         0x00000000008001a5        0x1 
                0x00000000008001a6                _edata = .
                0x00000000008001a6                PROVIDE (__data_end, .)

.bss            0x00000000008001a6      0x25b
                0x00000000008001a6                PROVIDE (__bss_start, .)
 *(.bss)
 *(.bss*)
 .bss.VideoRecord
                0x00000000008001a6        0x1 build/default/production/main.o
                0x00000000008001a6                VideoRecord
 .bss.cmd_ready
                0x00000000008001a7        0x1 build/default/production/main.o
                0x00000000008001a7                cmd_ready
 .bss.uart_idx  0x00000000008001a8        0x1 build/default/production/main.o
                0x00000000008001a8                uart_idx
 .bss.write_index
                0x00000000008001a9        0x2 build/default/production/main.o
                0x00000000008001a9                write_index
 .bss.sample_ready
                0x00000000008001ab        0x1 build/default/production/main.o
                0x00000000008001ab                sample_ready
 .bss.audio_sample
                0x00000000008001ac        0x1 build/default/production/main.o
                0x00000000008001ac                audio_sample
 .bss.process_start
                0x00000000008001ad        0x1 build/default/production/main.o
                0x00000000008001ad                process_start
 .bss.prev_recording
                0x00000000008001ae        0x1 build/default/production/main.o
                0x00000000008001ae                prev_recording
 .bss.recording
                0x00000000008001af        0x1 build/default/production/main.o
                0x00000000008001af                recording
 .bss.live_frame_count
                0x00000000008001b0        0x1 build/default/production/dsp.o
                0x00000000008001b0                live_frame_count
 *(COMMON)
 COMMON         0x00000000008001b1       0x10 build/default/production/main.o
                0x00000000008001b1                uart_buf
 COMMON         0x00000000008001c1      0x140 build/default/production/dsp.o
                0x00000000008001c1                live_features
 COMMON         0x0000000000800301      0x100 build/default/production/audio.o
                0x0000000000800301                audio_buffer
                0x0000000000800401                PROVIDE (__bss_end, .)
                0x0000000000002e24                __data_load_start = LOADADDR (.data)
                0x0000000000002f6a                __data_load_end = (__data_load_start + SIZEOF (.data))

.noinit         0x0000000000800401        0x1
                [!provide]                        PROVIDE (__noinit_start, .)
 *(.noinit*)
 .noinit        0x0000000000800401        0x1 build/default/production/main.o
                0x0000000000800401                mcusr_mirror
                [!provide]                        PROVIDE (__noinit_end, .)
                0x0000000000800402                _end = .
                [!provide]                        PROVIDE (__heap_start, .)

.eeprom         0x0000000000810000        0x0
 *(.eeprom*)
                0x0000000000810000                __eeprom_end = .

.fuse
 *(.fuse)
 *(.lfuse)
 *(.hfuse)
 *(.efuse)

.lock
 *(.lock*)

.signature
 *(.signature*)

.user_signatures
 *(.user_signatures*)

.stab
 *(.stab)

.stabstr
 *(.stabstr)

.stab.excl
 *(.stab.excl)

.stab.exclstr
 *(.stab.exclstr)

.stab.index
 *(.stab.index)

.stab.indexstr
 *(.stab.indexstr)

.comment        0x0000000000000000       0x11
 *(.comment)
 .comment       0x0000000000000000       0x11 build/default/production/uart.o
                                         0x12 (size before relaxing)
 .comment       0x0000000000000011       0x12 build/default/production/main.o
 .comment       0x0000000000000011       0x12 build/default/production/dsp.o
 .comment       0x0000000000000011       0x12 build/default/production/fix_fft.o
 .comment       0x0000000000000011       0x12 build/default/production/audio.o
 .comment       0x0000000000000011       0x12 build/default/production/dtw.o
 .comment       0x0000000000000011       0x12 build/default/production/lcd.o
 .comment       0x0000000000000011       0x12 build/default/production/sram.o
 .comment       0x0000000000000011       0x12 build/default/production/ext_int.o

.note.gnu.avr.deviceinfo
                0x0000000000000000       0x3c
 .note.gnu.avr.deviceinfo
                0x0000000000000000       0x3c /opt/microchip/mplabx/v6.30/packs/Microchip/ATmega_DFP/3.5.296/gcc/dev/atmega32/avr5/crtatmega32.o

.note.gnu.build-id
 *(.note.gnu.build-id)

.debug
 *(.debug)

.line
 *(.line)

.debug_srcinfo
 *(.debug_srcinfo)

.debug_sfnames
 *(.debug_sfnames)

.debug_aranges
 *(.debug_aranges)

.debug_pubnames
 *(.debug_pubnames)

.debug_info     0x0000000000000000      0x4e6
 *(.debug_info .gnu.linkonce.wi.*)
 .debug_info    0x0000000000000000      0x4e6 /opt/microchip/mplabx/v6.30/packs/Microchip/ATmega_DFP/3.5.296/gcc/dev/atmega32/avr5/crtatmega32.o

.debug_abbrev   0x0000000000000000      0x4a3
 *(.debug_abbrev)
 .debug_abbrev  0x0000000000000000      0x4a3 /opt/microchip/mplabx/v6.30/packs/Microchip/ATmega_DFP/3.5.296/gcc/dev/atmega32/avr5/crtatmega32.o

.debug_line     0x0000000000000000      0x116
 *(.debug_line .debug_line.* .debug_line_end)
 .debug_line    0x0000000000000000      0x116 /opt/microchip/mplabx/v6.30/packs/Microchip/ATmega_DFP/3.5.296/gcc/dev/atmega32/avr5/crtatmega32.o

.debug_frame
 *(.debug_frame)

.debug_str      0x0000000000000000      0x196
 *(.debug_str)
 .debug_str     0x0000000000000000      0x196 /opt/microchip/mplabx/v6.30/packs/Microchip/ATmega_DFP/3.5.296/gcc/dev/atmega32/avr5/crtatmega32.o

.debug_loc
 *(.debug_loc)

.debug_macinfo
 *(.debug_macinfo)

.debug_weaknames
 *(.debug_weaknames)

.debug_funcnames
 *(.debug_funcnames)

.debug_typenames
 *(.debug_typenames)

.debug_varnames
 *(.debug_varnames)

.debug_pubtypes
 *(.debug_pubtypes)

.debug_ranges
 *(.debug_ranges)

.debug_macro
 *(.debug_macro)
OUTPUT(dist/default/production/Final_Project.X.production.elf elf32-avr)
LOAD linker stubs
